exports[`test renders 1`] = `
<html>
  <head>
    <meta
      charSet="utf-8" />
    <title>
      the title
    </title>
    <link
      href="https://cdn.rawgit.com/sindresorhus/github-markdown-css/gh-pages/github-markdown.css"
      rel="stylesheet" />
    <style>
      .markdown-body { box-sizing: border-box; min-width: 200px; max-width: 980px; margin: 0 auto; padding: 45px;}
    </style>
  </head>
  <body
    className="markdown-body">
    <p>
      children content
    </p>
  </body>
</html>
`;
